// Jest Snapshot v1, https://goo.gl/fbAQLP

exports[`<CardProfile /> should render CardProfile 1`] = `
.c0 {
  position: relative;
  display: -webkit-box;
  display: -webkit-flex;
  display: -ms-flexbox;
  display: flex;
  -webkit-flex-direction: column;
  -ms-flex-direction: column;
  flex-direction: column;
  -webkit-box-pack: justify;
  -webkit-justify-content: space-between;
  -ms-flex-pack: justify;
  justify-content: space-between;
  -webkit-align-items: center;
  -webkit-box-align: center;
  -ms-flex-align: center;
  align-items: center;
  -webkit-animation: moveUp 1s cubic-bezier(0.425,1.14,0.47,1.125) forwards;
  animation: moveUp 1s cubic-bezier(0.425,1.14,0.47,1.125) forwards;
}

.c1 {
  border-radius: 50%;
  width: 12.5rem;
  height: 12.5rem;
  max-width: 100%;
  background-image: url(/img/me.jpg);
  background-size: cover;
}

.c2 {
  display: -webkit-box;
  display: -webkit-flex;
  display: -ms-flexbox;
  display: flex;
  -webkit-flex-direction: column;
  -ms-flex-direction: column;
  flex-direction: column;
  gap: 1.6rem;
  background: #302F43;
  border-radius: 1.2rem;
  margin-top: 4.0rem;
  padding: 2.4rem 3.2rem;
  max-width: 43.1rem;
}

.c2 > div:nth-child(1) {
  display: -webkit-box;
  display: -webkit-flex;
  display: -ms-flexbox;
  display: flex;
  gap: 1.6rem;
}

.c3 {
  font-family: Gilroy-Bold;
  font-size: 2rem;
}

.c3 span {
  font-family: Rubik,-apple-system,BlinkMacSystemFont,'Segoe UI',Roboto,Oxygen,Ubuntu,Cantarell,'Open Sans','Helvetica Neue',sans-serif;
  font-size: 1.8rem;
  font-weight: 400;
  color: #DEE7EA;
}

@media (max-width:768px) {
  .c2 {
    margin: 4.0rem 3.2rem;
  }
}

@media (max-width:768px) {
  .c2 > div:nth-child(1) {
    -webkit-flex-direction: column;
    -ms-flex-direction: column;
    flex-direction: column;
  }
}

<div
  class="c0"
>
  <div
    aria-label="Leandro Lopes"
    class="c1"
    role="img"
    src="/img/me.jpg"
  />
  <div
    class="c2"
  >
    <div>
      <h3
        class="c3"
      >
        Nome: 
        <span>
          Leandro Lopes
        </span>
      </h3>
      <h3
        class="c3"
      >
        Idade: 
        <span>
          27
           anos
        </span>
      </h3>
    </div>
    <h3
      class="c3"
    >
      Cidade: 
      <span>
        Santa Cruz do Sul - RS
      </span>
    </h3>
    <h3
      class="c3"
    >
      Interesses: 
      <span>
        Programação, design, música, séries e filmes
      </span>
    </h3>
    <h3
      class="c3"
    >
      Sonho: 
      <span>
        Trabalhar com o que amo, utilizando meu conhecimento para criar aplicações que possam ajudar as pessoas.
      </span>
    </h3>
  </div>
</div>
`
