// Jest Snapshot v1, https://goo.gl/fbAQLP

exports[`<FormField /> should render FormField like input 1`] = `
.c1 {
  position: relative;
  background-color: #3B3A51;
  border-radius: 0.4rem;
  margin-bottom: 2.4rem;
}

.c1 input,
.c1 textarea {
  padding: 3.2rem 2.4rem;
  background-color: transparent;
  border: 0;
  outline: none;
  width: 100%;
  font-size: 1.8rem;
  font-family: Rubik,-apple-system,BlinkMacSystemFont,'Segoe UI',Roboto,Oxygen,Ubuntu,Cantarell,'Open Sans','Helvetica Neue',sans-serif;
  line-height: 150%;
  color: #FFFFFF;
}

.c1 input:valid,
.c1 textarea:valid {
  border: 1px solid #DEE7EA;
}

.c2:-webkit-autofill {
  -webkit-text-fill-color: #FFFFFF;
  border: 1px solid #DEE7EA;
  -webkit-box-shadow: 0 0 0px 1000px #3B3A51 inset;
}

.c3 {
  position: absolute;
  top: 0.1rem;
  left: 0;
  padding: 3.2rem 0 3.2rem 2.4rem;
  font-weight: 500;
  font-size: 1.8rem;
  line-height: 100%;
  -webkit-letter-spacing: 0.005rem;
  -moz-letter-spacing: 0.005rem;
  -ms-letter-spacing: 0.005rem;
  letter-spacing: 0.005rem;
  color: rgba(255,255,255,0.5);
  pointer-events: none;
  -webkit-transition: all 0.25s ease;
  transition: all 0.25s ease;
}

.c0 {
  width: 100%;
}

<div
  class="c0"
>
  <div
    class="c1"
  >
    <input
      class="c2"
      id="name"
      name="name"
      required=""
      type="text"
      value=""
    />
    <label
      class="c3"
      for="name"
    >
      Nome
    </label>
  </div>
</div>
`
