// Jest Snapshot v1, https://goo.gl/fbAQLP

exports[`<Button /> should match snapshot 1`] = `
.c0 {
  display: -webkit-inline-box;
  display: -webkit-inline-flex;
  display: -ms-inline-flexbox;
  display: inline-flex;
  -webkit-box-pack: center;
  -webkit-justify-content: center;
  -ms-flex-pack: center;
  justify-content: center;
  -webkit-align-items: center;
  -webkit-box-align: center;
  -ms-flex-align: center;
  align-items: center;
  border: none;
  -webkit-transition: background 0.1s ease-in-out,-webkit-transform 0.3s ease-in-out;
  -webkit-transition: background 0.1s ease-in-out,transform 0.3s ease-in-out;
  transition: background 0.1s ease-in-out,transform 0.3s ease-in-out;
  -webkit-text-decoration: none;
  text-decoration: none;
  cursor: pointer;
  border-radius: 0.6rem;
  background-color: #6D59A8;
  font-size: 2.2rem;
  width: 21.5rem;
  height: 6.2rem;
}

.c0:focus {
  outline: 1px dashed #DEE7EA;
}

.c0:hover {
  -webkit-transform: translateY(0);
  -ms-transform: translateY(0);
  transform: translateY(0);
}

.c0:hover svg {
  color: #6D59A8;
}

.c0 span {
  font-family: Rubik,-apple-system,BlinkMacSystemFont,'Segoe UI',Roboto,Oxygen,Ubuntu,Cantarell,'Open Sans','Helvetica Neue',sans-serif;
  font-weight: 500;
  line-height: 100%;
  color: #FFFFFF;
  -webkit-letter-spacing: 0.05rem;
  -moz-letter-spacing: 0.05rem;
  -ms-letter-spacing: 0.05rem;
  letter-spacing: 0.05rem;
}

.c0:hover {
  background-color: #543F8C;
}

.c0 svg {
  width: 2.4rem;
  height: 2.4rem;
}

<button
  class="c0"
>
  <span>
    Button
  </span>
</button>
`
