// Jest Snapshot v1, https://goo.gl/fbAQLP

exports[`<ProjectBanner /> should render ProjectBanner 1`] = `
.c5 {
  display: inline-block;
  vertical-align: middle;
  overflow: hidden;
}

.c2 {
  display: -webkit-inline-box;
  display: -webkit-inline-flex;
  display: -ms-inline-flexbox;
  display: inline-flex;
  font-family: Gilroy-Bold;
  max-width: 100%;
  font-size: 3.6rem;
  line-height: calc(3.6rem + 1rem);
}

.c4 {
  display: -webkit-inline-box;
  display: -webkit-inline-flex;
  display: -ms-inline-flexbox;
  display: inline-flex;
  -webkit-box-pack: center;
  -webkit-justify-content: center;
  -ms-flex-pack: center;
  justify-content: center;
  -webkit-align-items: center;
  -webkit-box-align: center;
  -ms-flex-align: center;
  align-items: center;
  border: none;
  -webkit-transition: background 0.1s ease-in-out,-webkit-transform 0.3s ease-in-out;
  -webkit-transition: background 0.1s ease-in-out,transform 0.3s ease-in-out;
  transition: background 0.1s ease-in-out,transform 0.3s ease-in-out;
  -webkit-text-decoration: none;
  text-decoration: none;
  cursor: pointer;
  border-radius: 0.6rem;
  background-color: transparent;
  border: 1px solid #DEE7EA;
  font-size: 2.2rem;
  width: 21.5rem;
  height: 6.2rem;
  border-radius: 1.2rem;
  height: 5rem;
}

.c4:focus {
  outline: 1px dashed #DEE7EA;
}

.c4:hover {
  -webkit-transform: translateY(0);
  -ms-transform: translateY(0);
  transform: translateY(0);
}

.c4:hover svg {
  color: #6D59A8;
}

.c4 span {
  font-family: Rubik,-apple-system,BlinkMacSystemFont,'Segoe UI',Roboto,Oxygen,Ubuntu,Cantarell,'Open Sans','Helvetica Neue',sans-serif;
  font-weight: 500;
  line-height: 100%;
  color: #FFFFFF;
  margin-left: 0.8rem;
  -webkit-letter-spacing: 0.05rem;
  -moz-letter-spacing: 0.05rem;
  -ms-letter-spacing: 0.05rem;
  letter-spacing: 0.05rem;
}

.c4:hover {
  border: 1px solid #6D59A8;
}

.c4:hover span {
  color: #6D59A8;
}

.c4 svg {
  width: 2.4rem;
  height: 2.4rem;
}

.c4 svg {
  color: #DEE7EA;
}

.c0 {
  display: -webkit-box;
  display: -webkit-flex;
  display: -ms-flexbox;
  display: flex;
  -webkit-flex-direction: column;
  -ms-flex-direction: column;
  flex-direction: column;
  -webkit-align-items: center;
  -webkit-box-align: center;
  -ms-flex-align: center;
  align-items: center;
  -webkit-box-pack: center;
  -webkit-justify-content: center;
  -ms-flex-pack: center;
  justify-content: center;
  position: absolute;
  top: 0;
  right: 0;
  left: 0;
  height: 60rem;
  background-image: linear-gradient( 177.39deg,rgba(0,0,0,0.2) 45%,rgba(0,0,0,0) 100% ),url(/img/project/banner.png);
  background-size: cover;
  background-position: top center;
  background-repeat: no-repeat;
}

.c0 .c1 {
  margin-bottom: 1.6rem;
  font-family: CodeNext-ExtraBold;
}

.c0 .c3 {
  background: #6D59A8;
  border: none;
}

.c0 .c3 span,
.c0 .c3 svg {
  color: #F7FDFF;
}

.c0 .c3:hover {
  background: #543F8C;
}

.c0 .c3:hover span,
.c0 .c3:hover svg {
  color: #DEE7EA;
}

@media (max-width:768px) {
  .c0 {
    background-size: 100% 100%;
  }
}

<div
  aria-label="Imagem de destaque do projeto"
  class="c0"
  data-testid="cover"
  role="image"
  src="/img/project/banner.png"
>
  <h1
    class="c1 c2"
  >
    Project Name
  </h1>
  <a
    class="c3 c4"
    href="https://www.google.com"
    role="button"
    target="_blank"
  >
    <svg
      aria-hidden="true"
      class="c5"
      fill="currentColor"
      focusable="false"
      viewBox="0 0 48 48"
      xmlns="http://www.w3.org/2000/svg"
    >
      <path
        d="M34.63 6.13a7.5 7.5 0 0 1 7.5 7.5v9a1.5 1.5 0 0 1-3 0v-9a4.5 4.5 0 0 0-4.5-4.5H13.36a4.5 4.5 0 0 0-4.5 4.5v21a4.5 4.5 0 0 0 4.5 4.5h9.26a1.5 1.5 0 0 1 0 3h-9.25a7.5 7.5 0 0 1-7.5-7.5v-21a7.5 7.5 0 0 1 7.5-7.5h21.24z"
      />
      <path
        d="M18 19.5c0-.83.67-1.5 1.5-1.5h13a1.5 1.5 0 0 1 0 3h-9.38l14.44 14.44a1.5 1.5 0 0 1-2.12 2.12L21 23.12v9.38a1.5 1.5 0 0 1-3 0v-13z"
      />
    </svg>
    <span>
      Visitar
    </span>
  </a>
</div>
`
