// Jest Snapshot v1, https://goo.gl/fbAQLP

exports[`<TabTools /> should match snapshot 1`] = `
.c3 {
  display: inline-block;
  vertical-align: middle;
  overflow: hidden;
}

.c0 {
  width: 100%;
  max-width: 82.3rem;
}

.c1 {
  position: relative;
  display: -webkit-box;
  display: -webkit-flex;
  display: -ms-flexbox;
  display: flex;
  -webkit-box-pack: justify;
  -webkit-justify-content: space-between;
  -ms-flex-pack: justify;
  justify-content: space-between;
  background-color: #302F43;
  padding: 1.6rem 8rem;
  -webkit-transition: all 0.1s ease-in-out;
  transition: all 0.1s ease-in-out;
}

.c1::after {
  content: '';
  position: absolute;
  bottom: 0;
  left: 0;
  border-bottom: 0.5rem solid #6D59A8;
  width: calc(100% / 2);
}

.c1::before {
  content: '';
  position: absolute;
  bottom: 0;
  right: 0;
  border-bottom: 0.5rem solid #484762;
  width: calc(100% / 2);
}

.c2 {
  display: -webkit-box;
  display: -webkit-flex;
  display: -ms-flexbox;
  display: flex;
  -webkit-flex-direction: column;
  -ms-flex-direction: column;
  flex-direction: column;
  -webkit-box-pack: center;
  -webkit-justify-content: center;
  -ms-flex-pack: center;
  justify-content: center;
  -webkit-align-items: center;
  -webkit-box-align: center;
  -ms-flex-align: center;
  align-items: center;
  background: transparent;
  border: none;
  font: normal 500 2.6rem / 100% Rubik,-apple-system,BlinkMacSystemFont,'Segoe UI',Roboto,Oxygen,Ubuntu,Cantarell,'Open Sans','Helvetica Neue',sans-serif;
  color: #FFFFFF;
  -webkit-transition: all 0.1s ease-in-out;
  transition: all 0.1s ease-in-out;
  margin-bottom: 0.4rem;
  cursor: pointer;
}

.c2 svg {
  width: 4.5rem;
  height: 4.5rem;
  color: #FFFFFF;
  margin-bottom: 1.6rem;
}

.c4 {
  display: -webkit-box;
  display: -webkit-flex;
  display: -ms-flexbox;
  display: flex;
  -webkit-flex-direction: column;
  -ms-flex-direction: column;
  flex-direction: column;
  -webkit-box-pack: center;
  -webkit-justify-content: center;
  -ms-flex-pack: center;
  justify-content: center;
  -webkit-align-items: center;
  -webkit-box-align: center;
  -ms-flex-align: center;
  align-items: center;
  background: transparent;
  border: none;
  font: normal 500 2.6rem / 100% Rubik,-apple-system,BlinkMacSystemFont,'Segoe UI',Roboto,Oxygen,Ubuntu,Cantarell,'Open Sans','Helvetica Neue',sans-serif;
  color: rgba(255,255,255,0.5);
  -webkit-transition: all 0.1s ease-in-out;
  transition: all 0.1s ease-in-out;
  margin-bottom: 0.4rem;
  cursor: pointer;
}

.c4:hover {
  color: rgba(204,204,204,0.5);
}

.c4 svg {
  width: 4.5rem;
  height: 4.5rem;
  color: rgba(255,255,255,0.5);
  margin-bottom: 1.6rem;
}

.c5 {
  display: -webkit-box;
  display: -webkit-flex;
  display: -ms-flexbox;
  display: flex;
  -webkit-box-pack: space-around;
  -webkit-justify-content: space-around;
  -ms-flex-pack: space-around;
  justify-content: space-around;
  background-color: #302F43;
  padding: 4.0rem 0;
  gap: 2.4rem;
  -webkit-transition: all 0.5s ease-in-out;
  transition: all 0.5s ease-in-out;
}

.c8 {
  display: none;
  -webkit-box-pack: space-around;
  -webkit-justify-content: space-around;
  -ms-flex-pack: space-around;
  justify-content: space-around;
  background-color: #302F43;
  padding: 4.0rem 0;
  gap: 2.4rem;
  -webkit-transition: all 0.5s ease-in-out;
  transition: all 0.5s ease-in-out;
}

.c6 {
  display: -webkit-box;
  display: -webkit-flex;
  display: -ms-flexbox;
  display: flex;
  -webkit-align-items: center;
  -webkit-box-align: center;
  -ms-flex-align: center;
  align-items: center;
  gap: 1.6rem;
  margin-top: 1.6rem;
}

.c6 p {
  font-size: 1.8rem;
  line-height: 150%;
}

.c7 {
  width: 3.5rem;
  height: 3.5rem;
  max-width: 100%;
}

@media (max-width:768px) {
  .c1 {
    padding: 1.6rem;
    -webkit-box-pack: space-around;
    -webkit-justify-content: space-around;
    -ms-flex-pack: space-around;
    justify-content: space-around;
  }
}

@media (max-width:768px) {
  .c2 {
    font-size: 1.8rem;
  }
}

@media (max-width:768px) {
  .c2 svg {
    width: 3.5rem;
    height: 3.5rem;
  }
}

@media (max-width:768px) {
  .c4 {
    font-size: 1.8rem;
  }
}

@media (max-width:768px) {
  .c4 svg {
    width: 3.5rem;
    height: 3.5rem;
  }
}

@media (max-width:450px) {
  .c5 {
    -webkit-box-pack: center;
    -webkit-justify-content: center;
    -ms-flex-pack: center;
    justify-content: center;
    padding: 4.0rem 1.6rem;
  }

  .c5 .content-design {
    -webkit-flex-wrap: wrap;
    -ms-flex-wrap: wrap;
    flex-wrap: wrap;
    padding: 4.0rem 0;
  }
}

@media (max-width:450px) {
  .c8 {
    -webkit-box-pack: center;
    -webkit-justify-content: center;
    -ms-flex-pack: center;
    justify-content: center;
    padding: 4.0rem 1.6rem;
  }

  .c8 .content-design {
    -webkit-flex-wrap: wrap;
    -ms-flex-wrap: wrap;
    flex-wrap: wrap;
    padding: 4.0rem 0;
  }
}

@media (max-width:768px) {
  .c6 p {
    font-size: 1.6rem;
  }
}

@media (max-width:450px) {
  .c6 p {
    font-size: 1.4rem;
  }
}

@media (max-width:768px) {
  .c7 {
    width: 3rem;
    height: 3rem;
  }
}

<div
  class="c0"
>
  <div
    class="c1"
  >
    <button
      class="c2"
      disabled=""
    >
      <svg
        aria-hidden="true"
        class="c3"
        data-testid="icon-development"
        fill="currentColor"
        focusable="false"
        viewBox="0 0 24 24"
        xmlns="http://www.w3.org/2000/svg"
      >
        <path
          d="M9 22h1v-2h-.989C8.703 19.994 6 19.827 6 16c0-1.993-.665-3.246-1.502-4C5.335 11.246 6 9.993 6 8c0-3.827 2.703-3.994 3-4h1V2H8.998C7.269 2.004 4 3.264 4 8c0 2.8-1.678 2.99-2.014 3L2 13c.082 0 2 .034 2 3 0 4.736 3.269 5.996 5 6zm13-11c-.082 0-2-.034-2-3 0-4.736-3.269-5.996-5-6h-1v2h.989c.308.006 3.011.173 3.011 4 0 1.993.665 3.246 1.502 4-.837.754-1.502 2.007-1.502 4 0 3.827-2.703 3.994-3 4h-1v2h1.002C16.731 21.996 20 20.736 20 16c0-2.8 1.678-2.99 2.014-3L22 11z"
        />
      </svg>
       Development
    </button>
    <button
      class="c4"
    >
      <svg
        aria-hidden="true"
        class="c3"
        data-testid="icon-design"
        fill="currentColor"
        focusable="false"
        viewBox="0 0 24 24"
        xmlns="http://www.w3.org/2000/svg"
      >
        <path
          d="M9.38 21.646A9.985 9.985 0 0 0 12 22l.141-.001a2.998 2.998 0 0 0 2.515-1.425c.542-.876.6-1.953.153-2.88l-.198-.415c-.453-.942-.097-1.796.388-2.281.485-.485 1.341-.841 2.28-.388h.001l.413.199a2.99 2.99 0 0 0 2.881-.153A2.997 2.997 0 0 0 22 12.141a9.926 9.926 0 0 0-.353-2.76c-1.038-3.827-4.353-6.754-8.246-7.285-3.149-.427-6.241.602-8.471 2.833S1.666 10.247 2.096 13.4c.53 3.894 3.458 7.208 7.284 8.246zM15.5 6a1.5 1.5 0 1 1 0 3 1.5 1.5 0 0 1 0-3zm-5-1a1.5 1.5 0 1 1 0 3 1.5 1.5 0 0 1 0-3zM9 15.506a1.5 1.5 0 1 1-3 0 1.5 1.5 0 0 1 3 0zm-2.5-6.5a1.5 1.5 0 1 1-.001 3.001A1.5 1.5 0 0 1 6.5 9.006z"
        />
      </svg>
       Design
    </button>
  </div>
  <div
    aria-hidden="false"
    class="c5"
    data-testid="content-development"
  >
    <div>
      <div
        class="c6"
      >
        <img
          alt="React"
          class="c7"
          src="/img/tools/dev/react.svg"
        />
        <p>
          React
        </p>
      </div>
      <div
        class="c6"
      >
        <img
          alt="NextJS"
          class="c7"
          src="/img/tools/dev/nextjs.svg"
        />
        <p>
          NextJS
        </p>
      </div>
      <div
        class="c6"
      >
        <img
          alt="TypeScript"
          class="c7"
          src="/img/tools/dev/typescript.svg"
        />
        <p>
          TypeScript
        </p>
      </div>
      <div
        class="c6"
      >
        <img
          alt="Storybook"
          class="c7"
          src="/img/tools/dev/storybook.svg"
        />
        <p>
          Storybook
        </p>
      </div>
      <div
        class="c6"
      >
        <img
          alt="Jest"
          class="c7"
          src="/img/tools/dev/jest.svg"
        />
        <p>
          Jest
        </p>
      </div>
      <div
        class="c6"
      >
        <img
          alt="Testing Library"
          class="c7"
          src="/img/tools/dev/testing-library.svg"
        />
        <p>
          Testing Library
        </p>
      </div>
    </div>
    <div>
      <div
        class="c6"
      >
        <img
          alt="Node"
          class="c7"
          src="/img/tools/dev/node.svg"
        />
        <p>
          Node
        </p>
      </div>
      <div
        class="c6"
      >
        <img
          alt="GraphQL"
          class="c7"
          src="/img/tools/dev/graphql.svg"
        />
        <p>
          GraphQL
        </p>
      </div>
      <div
        class="c6"
      >
        <img
          alt="HTML 5"
          class="c7"
          src="/img/tools/dev/html.svg"
        />
        <p>
          HTML 5
        </p>
      </div>
      <div
        class="c6"
      >
        <img
          alt="CSS 3"
          class="c7"
          src="/img/tools/dev/css.svg"
        />
        <p>
          CSS 3
        </p>
      </div>
      <div
        class="c6"
      >
        <img
          alt="JavaScript"
          class="c7"
          src="/img/tools/dev/javascript.svg"
        />
        <p>
          JavaScript
        </p>
      </div>
      <div
        class="c6"
      >
        <img
          alt="Git"
          class="c7"
          src="/img/tools/dev/git.svg"
        />
        <p>
          Git
        </p>
      </div>
    </div>
  </div>
  <div
    aria-hidden="true"
    class="c8 content-design"
    data-testid="content-design"
  >
    <div
      class="c6"
    >
      <img
        alt="Figma"
        class="c7"
        src="/img/tools/design/figma.svg"
      />
      <p>
        Figma
      </p>
    </div>
    <div
      class="c6"
    >
      <img
        alt="Photoshop"
        class="c7"
        src="/img/tools/design/photoshop.svg"
      />
      <p>
        Photoshop
      </p>
    </div>
    <div
      class="c6"
    >
      <img
        alt="illustrator"
        class="c7"
        src="/img/tools/design/illustrator.svg"
      />
      <p>
        illustrator
      </p>
    </div>
  </div>
</div>
`
