// Jest Snapshot v1, https://goo.gl/fbAQLP

exports[`<TextContent /> should match snapshot 1`] = `
.c0 {
  font-size: 2.2rem;
  line-height: 180%;
  color: #DEE7EA;
}

.c0 h1,
.c0 h2,
.c0 h3,
.c0 h4,
.c0 h5,
.c0 h6 {
  font-family: Gilroy-Bold;
  color: #FFFFFF;
  margin: 1.6rem 0;
}

.c0 p {
  margin-bottom: 1.6rem;
  max-width: 59.7rem;
}

.c0 a,
.c0 a:visited,
.c0 a:link {
  color: #6D59A8;
  -webkit-text-decoration: none;
  text-decoration: none;
  -webkit-transition: all 0.3s ease-in-out;
  transition: all 0.3s ease-in-out;
}

.c0 a:hover {
  color: #543F8C;
}

.c0 a:hover:hover > img {
  -webkit-filter: brightness(50%);
  filter: brightness(50%);
}

.c0 img {
  max-width: 100%;
  -webkit-transition: all 0.3s ease-in-out;
  transition: all 0.3s ease-in-out;
  margin: 1.6rem 0;
}

.c0 img:hover {
  -webkit-transform: scale(1.1);
  -ms-transform: scale(1.1);
  transform: scale(1.1);
}

.c0 .image {
  line-height: 0;
  margin: 2.4rem 0;
}

.c0 .image figcaption {
  font-size: 1.6rem;
  padding: 1.6rem;
  text-align: center;
  line-height: 1.3;
}

.c0 .image-half {
  max-width: 50%;
}

.c0 .image-style-side {
  max-width: 50%;
  float: right;
  margin: 2.4rem 0;
}

.c0 ul,
.c0 ol {
  padding: 0 2.4rem 1.6rem;
}

.c0 hr {
  border: none;
  border-bottom: 0.1rem solid #3B3A51;
}

.c0 code {
  font-family: monospace;
  color: #DEE7EA;
  font-size: 1.6rem;
  background: #302F43;
  padding: 0.2rem;
  margin: 0.2rem;
}

.c0 pre {
  background: #302F43;
  padding: 2.4rem;
  font-family: monospace;
  color: #FFFFFF;
  margin: 2.4rem 0;
  width: 100%;
  overflow-x: auto;
  font-size: 1.6rem;
}

.c0 pre code {
  color: inherit;
  background: inherit;
}

.c0 .table {
  width: 100%;
  overflow: hidden;
  overflow-x: auto;
}

.c0 table {
  width: 100%;
  border-collapse: collapse;
  margin: 2.4rem 0;
}

.c0 table td,
.c0 table th {
  padding: 1.6rem;
  border-bottom: 0.1rem solid #3B3A51;
}

.c0 blockquote {
  border-left: 0.5rem solid #6D59A8;
  color: #DEE7EA;
  padding-left: 2.4rem;
  margin: 2.4rem;
}

@media (max-width:768px) {
  .c0 {
    font-size: 1.6rem;
  }
}

@media (max-width:768px) {
  .c0 img:hover {
    -webkit-transform: scale(1);
    -ms-transform: scale(1);
    transform: scale(1);
  }
}

@media (max-width:768px) {
  .c0 .image-style-side {
    max-width: 100%;
    float: none;
  }
}

<div
  class="c0"
>
  <div
    class="content"
  >
    <h6>
      Children
    </h6>
  </div>
</div>
`
