// Jest Snapshot v1, https://goo.gl/fbAQLP

exports[`<CardTimeline /> should match snapshot  1`] = `
.c2 {
  font-size: 2.2rem;
  line-height: 180%;
  color: #DEE7EA;
}

.c2 h1,
.c2 h2,
.c2 h3,
.c2 h4,
.c2 h5,
.c2 h6 {
  font-family: Gilroy-Bold;
  color: #FFFFFF;
  margin: 1.6rem 0;
}

.c2 p {
  margin-bottom: 1.6rem;
  max-width: 59.7rem;
}

.c2 a,
.c2 a:visited,
.c2 a:link {
  color: #6D59A8;
  -webkit-text-decoration: none;
  text-decoration: none;
  -webkit-transition: all 0.3s ease-in-out;
  transition: all 0.3s ease-in-out;
}

.c2 a:hover {
  color: #543F8C;
}

.c2 a:hover:hover > img {
  -webkit-filter: brightness(50%);
  filter: brightness(50%);
}

.c2 img {
  max-width: 100%;
  -webkit-transition: all 0.3s ease-in-out;
  transition: all 0.3s ease-in-out;
}

.c2 img:hover {
  -webkit-transform: scale(1.1);
  -ms-transform: scale(1.1);
  transform: scale(1.1);
}

.c2 .image {
  line-height: 0;
  margin: 2.4rem 0;
}

.c2 .image figcaption {
  font-size: 1.6rem;
  padding: 1.6rem;
  text-align: center;
  line-height: 1.3;
}

.c2 .image-half {
  max-width: 50%;
}

.c2 .image-style-side {
  max-width: 50%;
  float: right;
  margin: 2.4rem 0;
}

.c2 ul,
.c2 ol {
  padding: 0 2.4rem 1.6rem;
}

.c2 hr {
  border: none;
  border-bottom: 0.1rem solid #3B3A51;
}

.c2 code {
  font-family: monospace;
  color: #DEE7EA;
  font-size: 1.6rem;
  background: #302F43;
  padding: 0.2rem;
  margin: 0.2rem;
}

.c2 pre {
  background: #302F43;
  padding: 2.4rem;
  font-family: monospace;
  color: #FFFFFF;
  margin: 2.4rem 0;
  width: 100%;
  overflow-x: auto;
  font-size: 1.6rem;
}

.c2 pre code {
  color: inherit;
  background: inherit;
}

.c2 .table {
  width: 100%;
  overflow: hidden;
  overflow-x: auto;
}

.c2 table {
  width: 100%;
  border-collapse: collapse;
  margin: 2.4rem 0;
}

.c2 table td,
.c2 table th {
  padding: 1.6rem;
  border-bottom: 0.1rem solid #3B3A51;
}

.c2 blockquote {
  border-left: 0.5rem solid #6D59A8;
  color: #DEE7EA;
  padding-left: 2.4rem;
  margin: 2.4rem;
}

.c0 {
  position: relative;
  background: #302F43;
  border-radius: 0.6rem;
  padding: 2.4rem 4.0rem 2.4rem;
  width: 100%;
  max-width: 86.7rem;
}

.c0::before {
  position: absolute;
  content: '';
  border-bottom: 1px solid #484762;
  top: 10.5rem;
  left: 0;
  right: 0;
}

.c0 .content {
  padding: 4.0rem 0;
}

.c1 {
  font-family: Gilroy-Bold;
  font-size: 2.6rem;
  color: #FFFFFF;
  padding: 2.4rem 0;
}

@media (max-width:768px) {
  .c2 {
    font-size: 1.6rem;
  }
}

@media (max-width:768px) {
  .c2 img:hover {
    -webkit-transform: scale(1);
    -ms-transform: scale(1);
    transform: scale(1);
  }
}

@media (max-width:768px) {
  .c2 .image-style-side {
    max-width: 100%;
    float: none;
  }
}

@media (max-width:768px) {
  .c1 {
    font-size: 2rem;
  }
}

@media (max-width:450px) {
  .c1 {
    font-size: 1.8rem;
  }
}

<div
  class="c0"
>
  <h2
    class="c1"
  >
    CardTimeline
  </h2>
  <div
    class="c2"
  >
    <div
      class="content"
    >
      <p>
        Loren ipsum dolor
      </p>
    </div>
  </div>
</div>
`
